// Jest Snapshot v1, https://goo.gl/fbAQLP

exports[`CheckboxWithLabel changes the text after click 1`] = `"Off"`;

exports[`CheckboxWithLabel changes the text after click 2`] = `"On"`;
