// Jest Snapshot v1, https://goo.gl/fbAQLP

exports[`<UseFoo /> renders three <Foo /> components 1`] = `
<div
  className="foo"
>
  <span
    className="foo icon-star bar"
  >
    icon-star
  </span>
  <Foo
    msg="1"
  />
  <Foo
    msg="2"
  />
  <Foo
    msg="3"
  />
</div>
`;
